{"level":"info","message":"Connected to MongoDB for BroadcastLog (db=leetcode_realtime)","timestamp":"09-25-2026 19:20:15","data":{}}
{"level":"info","message":"Presence Redis ready","timestamp":"09-25-2026 19:20:17","data":{}}
{"level":"info","message":"Socket.IO Redis adapter attached","timestamp":"09-25-2026 19:20:19","data":{}}
{"level":"info","message":"RealtimeService listening on http://localhost:3010","timestamp":"09-25-2026 19:20:19","data":{}}
{"level":"info","message":"Socket.IO ready (adapter=redis; presenceRedis=true)","timestamp":"09-25-2026 19:20:19","data":{}}
{"level":"info","message":"BroadcastLog persistence=mongo","timestamp":"09-25-2026 19:20:19","data":{}}
{"level":"info","message":"Client env: VITE_REALTIME_URL=http://localhost:3010","timestamp":"09-25-2026 19:20:19","data":{}}
{"level":"info","message":"Socket disconnected","timestamp":"09-25-2026 19:29:55","data":{"socketId":"C5PxR0FT_AWb8HaXAAAA","userId":"6aae72f493132482bbfffbe0","reason":"transport close","hadRecord":true}}
{"level":"info","message":"Socket disconnected","timestamp":"09-25-2026 19:30:37","data":{"socketId":"kdb63cwM2j33VE4fAAAB","userId":"6aae72f493132482bbfffbe0","reason":"forced close","hadRecord":true}}
{"level":"info","message":"Socket disconnected","timestamp":"09-25-2026 19:36:36","data":{"socketId":"KUEvTcqlfOh9keMmAAAC","userId":"6aae72f493132482bbfffbe0","reason":"client namespace disconnect","hadRecord":true}}
{"level":"info","message":"Socket disconnected","timestamp":"09-25-2026 19:38:38","data":{"socketId":"6qNcj74HWAOXs66KAAAD","userId":"6aae72f493132482bbfffbe0","reason":"transport close","hadRecord":true}}
{"level":"info","message":"Socket disconnected","timestamp":"09-25-2026 19:38:58","data":{"socketId":"sDAEHPFaSVAuabC7AAAE","userId":"6aae72f493132482bbfffbe0","reason":"client namespace disconnect","hadRecord":true}}
{"level":"info","message":"Socket disconnected","timestamp":"09-25-2026 20:08:25","data":{"socketId":"CAX53byLpf35vFJVAAAF","userId":"6aae72f493132482bbfffbe0","reason":"transport close","hadRecord":true}}
{"level":"info","message":"Connected to MongoDB for BroadcastLog (db=leetcode_realtime)","timestamp":"09-25-2026 20:20:44","data":{}}
{"level":"info","message":"Connected to MongoDB for BroadcastLog (db=leetcode_realtime)","timestamp":"09-25-2026 20:24:02","data":{}}
{"level":"info","message":"Presence Redis ready","timestamp":"09-25-2026 20:24:04","data":{}}
{"level":"info","message":"Socket.IO Redis adapter attached","timestamp":"09-25-2026 20:24:06","data":{}}
{"level":"info","message":"RealtimeService listening on http://localhost:3010","timestamp":"09-25-2026 20:24:06","data":{}}
{"level":"info","message":"Socket.IO ready (adapter=redis; presenceRedis=true)","timestamp":"09-25-2026 20:24:06","data":{}}
{"level":"info","message":"BroadcastLog persistence=mongo","timestamp":"09-25-2026 20:24:06","data":{}}
{"level":"info","message":"Client env: VITE_REALTIME_URL=http://localhost:3010","timestamp":"09-25-2026 20:24:07","data":{}}
{"level":"info","message":"Connected to MongoDB for BroadcastLog (db=leetcode_realtime)","timestamp":"09-25-2026 20:46:31","data":{}}
{"level":"info","message":"Connected to MongoDB for BroadcastLog (db=leetcode_realtime)","timestamp":"09-25-2026 21:17:31","data":{}}
{"level":"info","message":"Presence Redis ready","timestamp":"09-25-2026 21:17:32","data":{}}
{"level":"info","message":"Socket.IO Redis adapter attached","timestamp":"09-25-2026 21:17:34","data":{}}
{"level":"info","message":"RealtimeService listening on http://localhost:3010","timestamp":"09-25-2026 21:17:34","data":{}}
{"level":"info","message":"Socket.IO ready (adapter=redis; presenceRedis=true)","timestamp":"09-25-2026 21:17:34","data":{}}
{"level":"info","message":"BroadcastLog persistence=mongo","timestamp":"09-25-2026 21:17:34","data":{}}
{"level":"info","message":"Client env: VITE_REALTIME_URL=http://localhost:3010","timestamp":"09-25-2026 21:17:34","data":{}}
{"level":"info","message":"Connected to MongoDB for BroadcastLog (db=leetcode_realtime)","timestamp":"09-25-2026 21:22:06","data":{}}
