{"level":"info","message":"Connected to MongoDB for BroadcastLog (db=leetcode_realtime)","timestamp":"09-22-2026 19:36:34","data":{}}
{"level":"info","message":"Presence Redis ready","timestamp":"09-22-2026 19:36:35","data":{}}
{"level":"info","message":"Socket.IO Redis adapter attached","timestamp":"09-22-2026 19:36:37","data":{}}
{"level":"info","message":"RealtimeService listening on http://localhost:3010","timestamp":"09-22-2026 19:36:37","data":{}}
{"level":"info","message":"Socket.IO ready (adapter=redis; presenceRedis=true)","timestamp":"09-22-2026 19:36:37","data":{}}
{"level":"info","message":"BroadcastLog persistence=mongo","timestamp":"09-22-2026 19:36:37","data":{}}
{"level":"info","message":"Client env: VITE_REALTIME_URL=http://localhost:3010","timestamp":"09-22-2026 19:36:37","data":{}}
{"level":"info","message":"Socket disconnected","timestamp":"09-22-2026 19:36:53","data":{"socketId":"n7jwWCBudBEEH5v9AAAA","userId":"6aae72f493132482bbfffbe0","reason":"forced close","hadRecord":true}}
{"level":"info","message":"Connected to MongoDB for BroadcastLog (db=leetcode_realtime)","timestamp":"09-22-2026 19:52:23","data":{}}
{"level":"info","message":"Connected to MongoDB for BroadcastLog (db=leetcode_realtime)","timestamp":"09-22-2026 19:56:46","data":{}}
{"level":"info","message":"Presence Redis ready","timestamp":"09-22-2026 19:56:47","data":{}}
{"level":"info","message":"Socket.IO Redis adapter attached","timestamp":"09-22-2026 19:56:49","data":{}}
{"level":"info","message":"RealtimeService listening on http://localhost:3010","timestamp":"09-22-2026 19:56:49","data":{}}
{"level":"info","message":"Socket.IO ready (adapter=redis; presenceRedis=true)","timestamp":"09-22-2026 19:56:49","data":{}}
{"level":"info","message":"BroadcastLog persistence=mongo","timestamp":"09-22-2026 19:56:49","data":{}}
{"level":"info","message":"Client env: VITE_REALTIME_URL=http://localhost:3010","timestamp":"09-22-2026 19:56:49","data":{}}
{"level":"info","message":"Socket disconnected","timestamp":"09-22-2026 19:56:50","data":{"socketId":"k6ag3UBfJiuNcoCEAAAA","userId":"6aae72f493132482bbfffbe0","reason":"forced close","hadRecord":true}}
{"level":"info","message":"Socket disconnected","timestamp":"09-22-2026 20:01:15","data":{"socketId":"IcXZlDc6BQWpUJ0uAAAB","userId":"6aae732993132482bbfffbe4","reason":"transport close","hadRecord":true}}
{"level":"info","message":"Socket disconnected","timestamp":"09-22-2026 20:21:37","data":{"socketId":"uYg_qlUWkHtAkhDwAAAC","userId":"6aae72f493132482bbfffbe0","reason":"transport close","hadRecord":true}}
{"level":"info","message":"Socket disconnected","timestamp":"09-22-2026 20:28:06","data":{"socketId":"WDnTsdEn7aWwyQgbAAAF","userId":"6aae72f493132482bbfffbe0","reason":"transport close","hadRecord":true}}
{"level":"info","message":"Socket disconnected","timestamp":"09-22-2026 20:28:29","data":{"socketId":"znIzmMnJdm1NXYpDAAAG","userId":"6aae72f493132482bbfffbe0","reason":"transport close","hadRecord":true}}
{"level":"info","message":"Socket disconnected","timestamp":"09-22-2026 21:08:39","data":{"socketId":"MTBB3Z3zbFN59V0YAAAH","userId":"6aae72f493132482bbfffbe0","reason":"transport close","hadRecord":true}}
{"level":"info","message":"Socket disconnected","timestamp":"09-22-2026 21:09:45","data":{"socketId":"RLHn_s9-bF4N0hcBAAAD","userId":"6aae732993132482bbfffbe4","reason":"transport close","hadRecord":true}}
{"level":"info","message":"Socket disconnected","timestamp":"09-22-2026 21:09:45","data":{"socketId":"kpHDH3Qx27z3e5bRAAAE","userId":"6aae732993132482bbfffbe4","reason":"transport close","hadRecord":true}}
{"level":"info","message":"Socket disconnected","timestamp":"09-22-2026 21:31:29","data":{"socketId":"DfqQr9yrgRH1sa-3AAAI","userId":"6aae72f493132482bbfffbe0","reason":"transport close","hadRecord":true}}
{"level":"info","message":"Socket disconnected","timestamp":"09-22-2026 23:39:16","data":{"socketId":"19E7KEutvT-FpsBUAAAJ","userId":"6aae732993132482bbfffbe4","reason":"transport close","hadRecord":true}}
{"level":"info","message":"Socket disconnected","timestamp":"09-22-2026 23:39:16","data":{"socketId":"9wY3YwZdTBl3Gy8pAAAK","userId":"6aae732993132482bbfffbe4","reason":"transport close","hadRecord":true}}
{"level":"info","message":"Socket disconnected","timestamp":"09-22-2026 23:39:52","data":{"socketId":"1DQsup9SEXtHWSaZAAAM","userId":"6aae732993132482bbfffbe4","reason":"transport close","hadRecord":true}}
{"level":"info","message":"Socket disconnected","timestamp":"09-22-2026 23:39:52","data":{"socketId":"dLEi79IzceBSkUeVAAAN","userId":"6aae732993132482bbfffbe4","reason":"transport close","hadRecord":true}}
{"level":"info","message":"Socket disconnected","timestamp":"09-22-2026 23:39:53","data":{"socketId":"Oo4lMSQ6piSDnMtcAAAL","userId":"6aae72f493132482bbfffbe0","reason":"transport close","hadRecord":true}}
{"level":"info","message":"Connected to MongoDB for BroadcastLog (db=leetcode_realtime)","timestamp":"09-22-2026 23:40:29","data":{}}
